(node:59517) ExperimentalWarning: VM Modules is an experimental feature and might change at any time
(Use `node --trace-warnings ...` to show where the warning was created)
  console.log
    Running UI test for: 16th Note Rock - perfect (80 BPM, 20 notes)

      at log (coach/tests/visual/ComprehensiveVisual.test.js:102:17)

  console.log
    [BROWSER] [Drum Coach] Bootstrapping...

      at log (coach/tests/visual/ComprehensiveVisual.test.js:35:21)
          at Array.map (<anonymous>)
          at Array.map (<anonymous>)
          at Array.map (<anonymous>)
          at Array.map (<anonymous>)
          at Array.map (<anonymous>)

  console.log
    [BROWSER] [groove_utils] BAR found: x=875.3333333333335->875.3333333333335, y=-29.700000000000003->51.0384, h=32

      at log (coach/tests/visual/ComprehensiveVisual.test.js:35:21)
          at Array.map (<anonymous>)
          at Array.map (<anonymous>)
          at Array.map (<anonymous>)
          at Array.map (<anonymous>)
          at Array.map (<anonymous>)

  console.log
    [BROWSER] [groove_utils] NOTE found: x=42->48.5, y=-6->27.3384, w=13, h=42, type=note

      at log (coach/tests/visual/ComprehensiveVisual.test.js:35:21)
          at Array.map (<anonymous>)
          at Array.map (<anonymous>)
          at Array.map (<anonymous>)
          at Array.map (<anonymous>)
          at Array.map (<anonymous>)

  console.log
    [BROWSER] [groove_utils] .. New Column: idx=0, x=48.5

      at log (coach/tests/visual/ComprehensiveVisual.test.js:35:21)
          at Array.map (<anonymous>)
          at Array.map (<anonymous>)
          at Array.map (<anonymous>)
          at Array.map (<anonymous>)
          at Array.map (<anonymous>)

  console.log
    [BROWSER] [groove_utils] NOTE found: x=93.58561643835617->100.08561643835617, y=-6->27.3384, w=13, h=42, type=note

      at log (coach/tests/visual/ComprehensiveVisual.test.js:35:21)
          at Array.map (<anonymous>)
          at Array.map (<anonymous>)
          at Array.map (<anonymous>)
          at Array.map (<anonymous>)
          at Array.map (<anonymous>)

  console.log
    [BROWSER] [groove_utils] .. New Column: idx=1, x=100.08561643835617

      at log (coach/tests/visual/ComprehensiveVisual.test.js:35:21)
          at Array.map (<anonymous>)
          at Array.map (<anonymous>)
          at Array.map (<anonymous>)
          at Array.map (<anonymous>)
          at Array.map (<anonymous>)

  console.log
    [BROWSER] [groove_utils] NOTE found: x=145.1712328767123->151.6712328767123, y=-6->27.3384, w=13, h=42, type=note

      at log (coach/tests/visual/ComprehensiveVisual.test.js:35:21)
          at Array.map (<anonymous>)
          at Array.map (<anonymous>)
          at Array.map (<anonymous>)
          at Array.map (<anonymous>)
          at Array.map (<anonymous>)

  console.log
    [BROWSER] [groove_utils] .. New Column: idx=2, x=151.6712328767123

      at log (coach/tests/visual/ComprehensiveVisual.test.js:35:21)
          at Array.map (<anonymous>)
          at Array.map (<anonymous>)
          at Array.map (<anonymous>)
          at Array.map (<anonymous>)
          at Array.map (<anonymous>)

  console.log
    [BROWSER] [groove_utils] NOTE found: x=196.75684931506848->203.25684931506848, y=-6->27.3384, w=13, h=42, type=note

      at log (coach/tests/visual/ComprehensiveVisual.test.js:35:21)
          at Array.map (<anonymous>)
          at Array.map (<anonymous>)
          at Array.map (<anonymous>)
          at Array.map (<anonymous>)
          at Array.map (<anonymous>)

  console.log
    [BROWSER] [groove_utils] .. New Column: idx=3, x=203.25684931506848

      at log (coach/tests/visual/ComprehensiveVisual.test.js:35:21)
          at Array.map (<anonymous>)
          at Array.map (<anonymous>)
          at Array.map (<anonymous>)
          at Array.map (<anonymous>)
          at Array.map (<anonymous>)

  console.log
    [BROWSER] [groove_utils] NOTE found: x=254.074200913242->260.574200913242, y=2->19.3384, w=13, h=42, type=note

      at log (coach/tests/visual/ComprehensiveVisual.test.js:35:21)
          at Array.map (<anonymous>)
          at Array.map (<anonymous>)
          at Array.map (<anonymous>)
          at Array.map (<anonymous>)
          at Array.map (<anonymous>)

  console.log
    [BROWSER] [groove_utils] .. New Column: idx=4, x=260.574200913242

      at log (coach/tests/visual/ComprehensiveVisual.test.js:35:21)
          at Array.map (<anonymous>)
          at Array.map (<anonymous>)
          at Array.map (<anonymous>)
          at Array.map (<anonymous>)
          at Array.map (<anonymous>)

  console.log
    [BROWSER] [groove_utils] NOTE found: x=305.6598173515981->312.1598173515981, y=-6->27.3384, w=13, h=42, type=note

      at log (coach/tests/visual/ComprehensiveVisual.test.js:35:21)
          at Array.map (<anonymous>)
          at Array.map (<anonymous>)
          at Array.map (<anonymous>)
          at Array.map (<anonymous>)
          at Array.map (<anonymous>)

  console.log
    [BROWSER] [groove_utils] .. New Column: idx=5, x=312.1598173515981

      at log (coach/tests/visual/ComprehensiveVisual.test.js:35:21)
          at Array.map (<anonymous>)
          at Array.map (<anonymous>)
          at Array.map (<anonymous>)
          at Array.map (<anonymous>)
          at Array.map (<anonymous>)

  console.log
    [BROWSER] [groove_utils] NOTE found: x=357.2454337899543->363.7454337899543, y=-6->27.3384, w=13, h=42, type=note

      at log (coach/tests/visual/ComprehensiveVisual.test.js:35:21)
          at Array.map (<anonymous>)
          at Array.map (<anonymous>)
          at Array.map (<anonymous>)
          at Array.map (<anonymous>)
          at Array.map (<anonymous>)

  console.log
    [BROWSER] [groove_utils] .. New Column: idx=6, x=363.7454337899543

      at log (coach/tests/visual/ComprehensiveVisual.test.js:35:21)
          at Array.map (<anonymous>)
          at Array.map (<anonymous>)
          at Array.map (<anonymous>)
          at Array.map (<anonymous>)
          at Array.map (<anonymous>)

  console.log
    [BROWSER] [groove_utils] NOTE found: x=408.83105022831046->415.33105022831046, y=-6->27.3384, w=13, h=42, type=note

      at log (coach/tests/visual/ComprehensiveVisual.test.js:35:21)
          at Array.map (<anonymous>)
          at Array.map (<anonymous>)
          at Array.map (<anonymous>)
          at Array.map (<anonymous>)
          at Array.map (<anonymous>)

  console.log
    [BROWSER] [groove_utils] .. New Column: idx=7, x=415.33105022831046

      at log (coach/tests/visual/ComprehensiveVisual.test.js:35:21)
          at Array.map (<anonymous>)
          at Array.map (<anonymous>)
          at Array.map (<anonymous>)
          at Array.map (<anonymous>)
          at Array.map (<anonymous>)

  console.log
    [BROWSER] [groove_utils] NOTE found: x=466.14840182648396->472.64840182648396, y=-6->27.3384, w=13, h=42, type=note

      at log (coach/tests/visual/ComprehensiveVisual.test.js:35:21)
          at Array.map (<anonymous>)
          at Array.map (<anonymous>)
          at Array.map (<anonymous>)
          at Array.map (<anonymous>)
          at Array.map (<anonymous>)

  console.log
    [BROWSER] [groove_utils] .. New Column: idx=8, x=472.64840182648396

      at log (coach/tests/visual/ComprehensiveVisual.test.js:35:21)
          at Array.map (<anonymous>)
          at Array.map (<anonymous>)
          at Array.map (<anonymous>)
          at Array.map (<anonymous>)
          at Array.map (<anonymous>)

  console.log
    [BROWSER] [groove_utils] NOTE found: x=517.7340182648402->524.2340182648402, y=-6->27.3384, w=13, h=42, type=note

      at log (coach/tests/visual/ComprehensiveVisual.test.js:35:21)
          at Array.map (<anonymous>)
          at Array.map (<anonymous>)
          at Array.map (<anonymous>)
          at Array.map (<anonymous>)
          at Array.map (<anonymous>)

  console.log
    [BROWSER] [groove_utils] .. New Column: idx=9, x=524.2340182648402

      at log (coach/tests/visual/ComprehensiveVisual.test.js:35:21)
          at Array.map (<anonymous>)
          at Array.map (<anonymous>)
          at Array.map (<anonymous>)
          at Array.map (<anonymous>)
          at Array.map (<anonymous>)

  console.log
    [BROWSER] [groove_utils] NOTE found: x=569.3196347031962->575.8196347031962, y=-6->27.3384, w=13, h=42, type=note

      at log (coach/tests/visual/ComprehensiveVisual.test.js:35:21)
          at Array.map (<anonymous>)
          at Array.map (<anonymous>)
          at Array.map (<anonymous>)
          at Array.map (<anonymous>)
          at Array.map (<anonymous>)

  console.log
    [BROWSER] [groove_utils] .. New Column: idx=10, x=575.8196347031962

      at log (coach/tests/visual/ComprehensiveVisual.test.js:35:21)
          at Array.map (<anonymous>)
          at Array.map (<anonymous>)
          at Array.map (<anonymous>)
          at Array.map (<anonymous>)
          at Array.map (<anonymous>)

  console.log
    [BROWSER] [groove_utils] NOTE found: x=620.9052511415524->627.4052511415524, y=-6->27.3384, w=13, h=42, type=note

      at log (coach/tests/visual/ComprehensiveVisual.test.js:35:21)
          at Array.map (<anonymous>)
          at Array.map (<anonymous>)
          at Array.map (<anonymous>)
          at Array.map (<anonymous>)
          at Array.map (<anonymous>)

  console.log
    [BROWSER] [groove_utils] .. New Column: idx=11, x=627.4052511415524

      at log (coach/tests/visual/ComprehensiveVisual.test.js:35:21)
          at Array.map (<anonymous>)
          at Array.map (<anonymous>)
          at Array.map (<anonymous>)
          at Array.map (<anonymous>)
          at Array.map (<anonymous>)

  console.log
    [BROWSER] [groove_utils] NOTE found: x=678.222602739726->684.722602739726, y=2->19.3384, w=13, h=42, type=note

      at log (coach/tests/visual/ComprehensiveVisual.test.js:35:21)
          at Array.map (<anonymous>)
          at Array.map (<anonymous>)
          at Array.map (<anonymous>)
          at Array.map (<anonymous>)
          at Array.map (<anonymous>)

  console.log
    [BROWSER] [groove_utils] .. New Column: idx=12, x=684.722602739726

      at log (coach/tests/visual/ComprehensiveVisual.test.js:35:21)
          at Array.map (<anonymous>)
          at Array.map (<anonymous>)
          at Array.map (<anonymous>)
          at Array.map (<anonymous>)
          at Array.map (<anonymous>)

  console.log
    [BROWSER] [groove_utils] NOTE found: x=729.8082191780823->736.3082191780823, y=-6->27.3384, w=13, h=42, type=note

      at log (coach/tests/visual/ComprehensiveVisual.test.js:35:21)
          at Array.map (<anonymous>)
          at Array.map (<anonymous>)
          at Array.map (<anonymous>)
          at Array.map (<anonymous>)
          at Array.map (<anonymous>)

  console.log
    [BROWSER] [groove_utils] .. New Column: idx=13, x=736.3082191780823

      at log (coach/tests/visual/ComprehensiveVisual.test.js:35:21)
          at Array.map (<anonymous>)
          at Array.map (<anonymous>)
          at Array.map (<anonymous>)
          at Array.map (<anonymous>)
          at Array.map (<anonymous>)

  console.log
    [BROWSER] [groove_utils] NOTE found: x=781.3938356164384->787.8938356164384, y=-6->27.3384, w=13, h=42, type=note

      at log (coach/tests/visual/ComprehensiveVisual.test.js:35:21)
          at Array.map (<anonymous>)
          at Array.map (<anonymous>)
          at Array.map (<anonymous>)
          at Array.map (<anonymous>)
          at Array.map (<anonymous>)

  console.log
    [BROWSER] [groove_utils] .. New Column: idx=14, x=787.8938356164384

      at log (coach/tests/visual/ComprehensiveVisual.test.js:35:21)
          at Array.map (<anonymous>)
          at Array.map (<anonymous>)
          at Array.map (<anonymous>)
          at Array.map (<anonymous>)
          at Array.map (<anonymous>)

  console.log
    [BROWSER] [groove_utils] NOTE found: x=832.9794520547946->839.4794520547946, y=-6->27.3384, w=13, h=42, type=note

      at log (coach/tests/visual/ComprehensiveVisual.test.js:35:21)
          at Array.map (<anonymous>)
          at Array.map (<anonymous>)
          at Array.map (<anonymous>)
          at Array.map (<anonymous>)
          at Array.map (<anonymous>)

  console.log
    [BROWSER] [groove_utils] .. New Column: idx=15, x=839.4794520547946

      at log (coach/tests/visual/ComprehensiveVisual.test.js:35:21)
          at Array.map (<anonymous>)
          at Array.map (<anonymous>)
          at Array.map (<anonymous>)
          at Array.map (<anonymous>)
          at Array.map (<anonymous>)

  console.log
    [BROWSER] [ModuleMapManager] Loaded 24 modules and 5 base mappings

      at log (coach/tests/visual/ComprehensiveVisual.test.js:35:21)
          at Array.map (<anonymous>)
          at Array.map (<anonymous>)
          at Array.map (<anonymous>)
          at Array.map (<anonymous>)
          at Array.map (<anonymous>)

  console.log
    [BROWSER] [Drum Coach] Initialized

      at log (coach/tests/visual/ComprehensiveVisual.test.js:35:21)
          at Array.map (<anonymous>)
          at Array.map (<anonymous>)
          at Array.map (<anonymous>)
          at Array.map (<anonymous>)
          at Array.map (<anonymous>)

  console.log
    [BROWSER] [Drum Coach] Ready

      at log (coach/tests/visual/ComprehensiveVisual.test.js:35:21)
          at Array.map (<anonymous>)
          at Array.map (<anonymous>)
          at Array.map (<anonymous>)
          at Array.map (<anonymous>)
          at Array.map (<anonymous>)

  console.log
    [BROWSER] [CoachTestHelper] Loaded! Use window.CoachTestHelper.runFullTest() to test

      at log (coach/tests/visual/ComprehensiveVisual.test.js:35:21)
          at Array.map (<anonymous>)
          at Array.map (<anonymous>)
          at Array.map (<anonymous>)
          at Array.map (<anonymous>)
          at Array.map (<anonymous>)

  console.log
    [BROWSER] [CoachTestHelper] Available methods:

      at log (coach/tests/visual/ComprehensiveVisual.test.js:35:21)
          at Array.map (<anonymous>)
          at Array.map (<anonymous>)
          at Array.map (<anonymous>)
          at Array.map (<anonymous>)
          at Array.map (<anonymous>)

  console.log
    [BROWSER]   - startSession()

      at log (coach/tests/visual/ComprehensiveVisual.test.js:35:21)
          at Array.map (<anonymous>)
          at Array.map (<anonymous>)
          at Array.map (<anonymous>)
          at Array.map (<anonymous>)
          at Array.map (<anonymous>)

  console.log
    [BROWSER]   - stopSession()

      at log (coach/tests/visual/ComprehensiveVisual.test.js:35:21)
          at Array.map (<anonymous>)
          at Array.map (<anonymous>)
          at Array.map (<anonymous>)
          at Array.map (<anonymous>)
          at Array.map (<anonymous>)

  console.log
    [BROWSER]   - simulateHit(drum, delayMs)

      at log (coach/tests/visual/ComprehensiveVisual.test.js:35:21)
          at Array.map (<anonymous>)
          at Array.map (<anonymous>)
          at Array.map (<anonymous>)
          at Array.map (<anonymous>)
          at Array.map (<anonymous>)

  console.log
    [BROWSER]   - simulateGroove(timing) - timing: perfect, good, early, late, random

      at log (coach/tests/visual/ComprehensiveVisual.test.js:35:21)
          at Array.map (<anonymous>)
          at Array.map (<anonymous>)
          at Array.map (<anonymous>)
          at Array.map (<anonymous>)
          at Array.map (<anonymous>)

  console.log
    [BROWSER]   - getResults()

      at log (coach/tests/visual/ComprehensiveVisual.test.js:35:21)
          at Array.map (<anonymous>)
          at Array.map (<anonymous>)
          at Array.map (<anonymous>)
          at Array.map (<anonymous>)
          at Array.map (<anonymous>)

  console.log
    [BROWSER]   - checkVisualFeedback()

      at log (coach/tests/visual/ComprehensiveVisual.test.js:35:21)
          at Array.map (<anonymous>)
          at Array.map (<anonymous>)
          at Array.map (<anonymous>)
          at Array.map (<anonymous>)
          at Array.map (<anonymous>)

  console.log
    [BROWSER]   - runFullTest()

      at log (coach/tests/visual/ComprehensiveVisual.test.js:35:21)
          at Array.map (<anonymous>)
          at Array.map (<anonymous>)
          at Array.map (<anonymous>)
          at Array.map (<anonymous>)
          at Array.map (<anonymous>)

  console.log
    [BROWSER] [TestHelper] Parsing URL-based groove: ?TimeSig=4/4&Div=16&Tempo=80&Measures=1&H=|xxxxxxxxxxxxxxxx|&S=|----O-------O---|&K=|o-------o-------|

      at log (coach/tests/visual/ComprehensiveVisual.test.js:35:21)
          at Array.map (<anonymous>)
          at Array.map (<anonymous>)
          at Array.map (<anonymous>)
          at Array.map (<anonymous>)
          at Array.map (<anonymous>)

  console.log
    [BROWSER] [TestHelper] Loading groove into app state: ?TimeSig=4/4&Div=16&Tempo=80&Measures=1&H=|xxxxxxxxxxxxxxxx|&S=|----O-------O---|&K=|o-------o-------|

      at log (coach/tests/visual/ComprehensiveVisual.test.js:35:21)
          at Array.map (<anonymous>)
          at Array.map (<anonymous>)
          at Array.map (<anonymous>)
          at Array.map (<anonymous>)
          at Array.map (<anonymous>)

  console.log
    [BROWSER] [TestHelper] Providing mocked groove data to Drum Coach

      at log (coach/tests/visual/ComprehensiveVisual.test.js:35:21)
          at Array.map (<anonymous>)
          at Array.map (<anonymous>)
          at Array.map (<anonymous>)
          at Array.map (<anonymous>)
          at Array.map (<anonymous>)

  console.log
    [BROWSER] [TestHelper] Mock Data - notesPerMeasure: 16, div: 16, measures: 1

      at log (coach/tests/visual/ComprehensiveVisual.test.js:35:21)
          at Array.map (<anonymous>)
          at Array.map (<anonymous>)
          at Array.map (<anonymous>)
          at Array.map (<anonymous>)
          at Array.map (<anonymous>)

  console.log
    [BROWSER] [TestHelper] Mock Data - HH: 16, Snare: 16, Kick: 16

      at log (coach/tests/visual/ComprehensiveVisual.test.js:35:21)
          at Array.map (<anonymous>)
          at Array.map (<anonymous>)
          at Array.map (<anonymous>)
          at Array.map (<anonymous>)
          at Array.map (<anonymous>)

  console.log
    [BROWSER] [TestHelper] Providing mocked groove data to Drum Coach

      at log (coach/tests/visual/ComprehensiveVisual.test.js:35:21)
          at Array.map (<anonymous>)
          at Array.map (<anonymous>)
          at Array.map (<anonymous>)
          at Array.map (<anonymous>)
          at Array.map (<anonymous>)

  console.log
    [BROWSER] [TestHelper] Mock Data - notesPerMeasure: 16, div: 16, measures: 1

      at log (coach/tests/visual/ComprehensiveVisual.test.js:35:21)
          at Array.map (<anonymous>)
          at Array.map (<anonymous>)
          at Array.map (<anonymous>)
          at Array.map (<anonymous>)
          at Array.map (<anonymous>)

  console.log
    [BROWSER] [TestHelper] Mock Data - HH: 16, Snare: 16, Kick: 16

      at log (coach/tests/visual/ComprehensiveVisual.test.js:35:21)
          at Array.map (<anonymous>)
          at Array.map (<anonymous>)
          at Array.map (<anonymous>)
          at Array.map (<anonymous>)
          at Array.map (<anonymous>)

  console.log
    [BROWSER] [TestHelper] Providing mocked groove data to Drum Coach

      at log (coach/tests/visual/ComprehensiveVisual.test.js:35:21)
          at Array.map (<anonymous>)
          at Array.map (<anonymous>)
          at Array.map (<anonymous>)
          at Array.map (<anonymous>)
          at Array.map (<anonymous>)

  console.log
    [BROWSER] [TestHelper] Mock Data - notesPerMeasure: 16, div: 16, measures: 1

      at log (coach/tests/visual/ComprehensiveVisual.test.js:35:21)
          at Array.map (<anonymous>)
          at Array.map (<anonymous>)
          at Array.map (<anonymous>)
          at Array.map (<anonymous>)
          at Array.map (<anonymous>)

  console.log
    [BROWSER] [TestHelper] Mock Data - HH: 32, Snare: 32, Kick: 32

      at log (coach/tests/visual/ComprehensiveVisual.test.js:35:21)
          at Array.map (<anonymous>)
          at Array.map (<anonymous>)
          at Array.map (<anonymous>)
          at Array.map (<anonymous>)
          at Array.map (<anonymous>)

  console.log
    [BROWSER] [groove_utils] BAR found: x=875.3333333333335->875.3333333333335, y=-29.700000000000003->51.0384, h=32

      at log (coach/tests/visual/ComprehensiveVisual.test.js:35:21)
          at Array.map (<anonymous>)
          at Array.map (<anonymous>)
          at Array.map (<anonymous>)
          at Array.map (<anonymous>)
          at Array.map (<anonymous>)

  console.log
    [BROWSER] [groove_utils] NOTE found: x=42->48.5, y=-6->27.3384, w=13, h=42, type=note

      at log (coach/tests/visual/ComprehensiveVisual.test.js:35:21)
          at Array.map (<anonymous>)
          at Array.map (<anonymous>)
          at Array.map (<anonymous>)
          at Array.map (<anonymous>)
          at Array.map (<anonymous>)

  console.log
    [BROWSER] [groove_utils] .. New Column: idx=0, x=48.5

      at log (coach/tests/visual/ComprehensiveVisual.test.js:35:21)
          at Array.map (<anonymous>)
          at Array.map (<anonymous>)
          at Array.map (<anonymous>)
          at Array.map (<anonymous>)
          at Array.map (<anonymous>)

  console.log
    [BROWSER] [groove_utils] NOTE found: x=93.58561643835617->100.08561643835617, y=-6->27.3384, w=13, h=42, type=note

      at log (coach/tests/visual/ComprehensiveVisual.test.js:35:21)
          at Array.map (<anonymous>)
          at Array.map (<anonymous>)
          at Array.map (<anonymous>)
          at Array.map (<anonymous>)
          at Array.map (<anonymous>)

  console.log
    [BROWSER] [groove_utils] .. New Column: idx=1, x=100.08561643835617

      at log (coach/tests/visual/ComprehensiveVisual.test.js:35:21)
          at Array.map (<anonymous>)
          at Array.map (<anonymous>)
          at Array.map (<anonymous>)
          at Array.map (<anonymous>)
          at Array.map (<anonymous>)

  console.log
    [BROWSER] [groove_utils] NOTE found: x=145.1712328767123->151.6712328767123, y=-6->27.3384, w=13, h=42, type=note

      at log (coach/tests/visual/ComprehensiveVisual.test.js:35:21)
          at Array.map (<anonymous>)
          at Array.map (<anonymous>)
          at Array.map (<anonymous>)
          at Array.map (<anonymous>)
          at Array.map (<anonymous>)

  console.log
    [BROWSER] [groove_utils] .. New Column: idx=2, x=151.6712328767123

      at log (coach/tests/visual/ComprehensiveVisual.test.js:35:21)
          at Array.map (<anonymous>)
          at Array.map (<anonymous>)
          at Array.map (<anonymous>)
          at Array.map (<anonymous>)
          at Array.map (<anonymous>)

  console.log
    [BROWSER] [groove_utils] NOTE found: x=196.75684931506848->203.25684931506848, y=-6->27.3384, w=13, h=42, type=note

      at log (coach/tests/visual/ComprehensiveVisual.test.js:35:21)
          at Array.map (<anonymous>)
          at Array.map (<anonymous>)
          at Array.map (<anonymous>)
          at Array.map (<anonymous>)
          at Array.map (<anonymous>)

  console.log
    [BROWSER] [groove_utils] .. New Column: idx=3, x=203.25684931506848

      at log (coach/tests/visual/ComprehensiveVisual.test.js:35:21)
          at Array.map (<anonymous>)
          at Array.map (<anonymous>)
          at Array.map (<anonymous>)
          at Array.map (<anonymous>)
          at Array.map (<anonymous>)

  console.log
    [BROWSER] [groove_utils] NOTE found: x=254.074200913242->260.574200913242, y=2->19.3384, w=13, h=42, type=note

      at log (coach/tests/visual/ComprehensiveVisual.test.js:35:21)
          at Array.map (<anonymous>)
          at Array.map (<anonymous>)
          at Array.map (<anonymous>)
          at Array.map (<anonymous>)
          at Array.map (<anonymous>)

  console.log
    [BROWSER] [groove_utils] .. New Column: idx=4, x=260.574200913242

      at log (coach/tests/visual/ComprehensiveVisual.test.js:35:21)
          at Array.map (<anonymous>)
          at Array.map (<anonymous>)
          at Array.map (<anonymous>)
          at Array.map (<anonymous>)
          at Array.map (<anonymous>)

  console.log
    [BROWSER] [groove_utils] NOTE found: x=305.6598173515981->312.1598173515981, y=-6->27.3384, w=13, h=42, type=note

      at log (coach/tests/visual/ComprehensiveVisual.test.js:35:21)
          at Array.map (<anonymous>)
          at Array.map (<anonymous>)
          at Array.map (<anonymous>)
          at Array.map (<anonymous>)
          at Array.map (<anonymous>)

  console.log
    [BROWSER] [groove_utils] .. New Column: idx=5, x=312.1598173515981

      at log (coach/tests/visual/ComprehensiveVisual.test.js:35:21)
          at Array.map (<anonymous>)
          at Array.map (<anonymous>)
          at Array.map (<anonymous>)
          at Array.map (<anonymous>)
          at Array.map (<anonymous>)

  console.log
    [BROWSER] [groove_utils] NOTE found: x=357.2454337899543->363.7454337899543, y=-6->27.3384, w=13, h=42, type=note

      at log (coach/tests/visual/ComprehensiveVisual.test.js:35:21)
          at Array.map (<anonymous>)
          at Array.map (<anonymous>)
          at Array.map (<anonymous>)
          at Array.map (<anonymous>)
          at Array.map (<anonymous>)

  console.log
    [BROWSER] [groove_utils] .. New Column: idx=6, x=363.7454337899543

      at log (coach/tests/visual/ComprehensiveVisual.test.js:35:21)
          at Array.map (<anonymous>)
          at Array.map (<anonymous>)
          at Array.map (<anonymous>)
          at Array.map (<anonymous>)
          at Array.map (<anonymous>)

  console.log
    [BROWSER] [groove_utils] NOTE found: x=408.83105022831046->415.33105022831046, y=-6->27.3384, w=13, h=42, type=note

      at log (coach/tests/visual/ComprehensiveVisual.test.js:35:21)
          at Array.map (<anonymous>)
          at Array.map (<anonymous>)
          at Array.map (<anonymous>)
          at Array.map (<anonymous>)
          at Array.map (<anonymous>)

  console.log
    [BROWSER] [groove_utils] .. New Column: idx=7, x=415.33105022831046

      at log (coach/tests/visual/ComprehensiveVisual.test.js:35:21)
          at Array.map (<anonymous>)
          at Array.map (<anonymous>)
          at Array.map (<anonymous>)
          at Array.map (<anonymous>)
          at Array.map (<anonymous>)

  console.log
    [BROWSER] [groove_utils] NOTE found: x=466.14840182648396->472.64840182648396, y=-6->27.3384, w=13, h=42, type=note

      at log (coach/tests/visual/ComprehensiveVisual.test.js:35:21)
          at Array.map (<anonymous>)
          at Array.map (<anonymous>)
          at Array.map (<anonymous>)
          at Array.map (<anonymous>)
          at Array.map (<anonymous>)

  console.log
    [BROWSER] [groove_utils] .. New Column: idx=8, x=472.64840182648396

      at log (coach/tests/visual/ComprehensiveVisual.test.js:35:21)
          at Array.map (<anonymous>)
          at Array.map (<anonymous>)
          at Array.map (<anonymous>)
          at Array.map (<anonymous>)
          at Array.map (<anonymous>)

  console.log
    [BROWSER] [groove_utils] NOTE found: x=517.7340182648402->524.2340182648402, y=-6->27.3384, w=13, h=42, type=note

      at log (coach/tests/visual/ComprehensiveVisual.test.js:35:21)
          at Array.map (<anonymous>)
          at Array.map (<anonymous>)
          at Array.map (<anonymous>)
          at Array.map (<anonymous>)
          at Array.map (<anonymous>)

  console.log
    [BROWSER] [groove_utils] .. New Column: idx=9, x=524.2340182648402

      at log (coach/tests/visual/ComprehensiveVisual.test.js:35:21)
          at Array.map (<anonymous>)
          at Array.map (<anonymous>)
          at Array.map (<anonymous>)
          at Array.map (<anonymous>)
          at Array.map (<anonymous>)

  console.log
    [BROWSER] [groove_utils] NOTE found: x=569.3196347031962->575.8196347031962, y=-6->27.3384, w=13, h=42, type=note

      at log (coach/tests/visual/ComprehensiveVisual.test.js:35:21)
          at Array.map (<anonymous>)
          at Array.map (<anonymous>)
          at Array.map (<anonymous>)
          at Array.map (<anonymous>)
          at Array.map (<anonymous>)

  console.log
    [BROWSER] [groove_utils] .. New Column: idx=10, x=575.8196347031962

      at log (coach/tests/visual/ComprehensiveVisual.test.js:35:21)
          at Array.map (<anonymous>)
          at Array.map (<anonymous>)
          at Array.map (<anonymous>)
          at Array.map (<anonymous>)
          at Array.map (<anonymous>)

  console.log
    [BROWSER] [groove_utils] NOTE found: x=620.9052511415524->627.4052511415524, y=-6->27.3384, w=13, h=42, type=note

      at log (coach/tests/visual/ComprehensiveVisual.test.js:35:21)
          at Array.map (<anonymous>)
          at Array.map (<anonymous>)
          at Array.map (<anonymous>)
          at Array.map (<anonymous>)
          at Array.map (<anonymous>)

  console.log
    [BROWSER] [groove_utils] .. New Column: idx=11, x=627.4052511415524

      at log (coach/tests/visual/ComprehensiveVisual.test.js:35:21)
          at Array.map (<anonymous>)
          at Array.map (<anonymous>)
          at Array.map (<anonymous>)
          at Array.map (<anonymous>)
          at Array.map (<anonymous>)

  console.log
    [BROWSER] [groove_utils] NOTE found: x=678.222602739726->684.722602739726, y=2->19.3384, w=13, h=42, type=note

      at log (coach/tests/visual/ComprehensiveVisual.test.js:35:21)
          at Array.map (<anonymous>)
          at Array.map (<anonymous>)
          at Array.map (<anonymous>)
          at Array.map (<anonymous>)
          at Array.map (<anonymous>)

  console.log
    [BROWSER] [groove_utils] .. New Column: idx=12, x=684.722602739726

      at log (coach/tests/visual/ComprehensiveVisual.test.js:35:21)
          at Array.map (<anonymous>)
          at Array.map (<anonymous>)
          at Array.map (<anonymous>)
          at Array.map (<anonymous>)
          at Array.map (<anonymous>)

  console.log
    [BROWSER] [groove_utils] NOTE found: x=729.8082191780823->736.3082191780823, y=-6->27.3384, w=13, h=42, type=note

      at log (coach/tests/visual/ComprehensiveVisual.test.js:35:21)
          at Array.map (<anonymous>)
          at Array.map (<anonymous>)
          at Array.map (<anonymous>)
          at Array.map (<anonymous>)
          at Array.map (<anonymous>)

  console.log
    [BROWSER] [groove_utils] .. New Column: idx=13, x=736.3082191780823

      at log (coach/tests/visual/ComprehensiveVisual.test.js:35:21)
          at Array.map (<anonymous>)
          at Array.map (<anonymous>)
          at Array.map (<anonymous>)
          at Array.map (<anonymous>)
          at Array.map (<anonymous>)

  console.log
    [BROWSER] [groove_utils] NOTE found: x=781.3938356164384->787.8938356164384, y=-6->27.3384, w=13, h=42, type=note

      at log (coach/tests/visual/ComprehensiveVisual.test.js:35:21)
          at Array.map (<anonymous>)
          at Array.map (<anonymous>)
          at Array.map (<anonymous>)
          at Array.map (<anonymous>)
          at Array.map (<anonymous>)

  console.log
    [BROWSER] [groove_utils] .. New Column: idx=14, x=787.8938356164384

      at log (coach/tests/visual/ComprehensiveVisual.test.js:35:21)
          at Array.map (<anonymous>)
          at Array.map (<anonymous>)
          at Array.map (<anonymous>)
          at Array.map (<anonymous>)
          at Array.map (<anonymous>)

  console.log
    [BROWSER] [groove_utils] NOTE found: x=832.9794520547946->839.4794520547946, y=-6->27.3384, w=13, h=42, type=note

      at log (coach/tests/visual/ComprehensiveVisual.test.js:35:21)
          at Array.map (<anonymous>)
          at Array.map (<anonymous>)
          at Array.map (<anonymous>)
          at Array.map (<anonymous>)
          at Array.map (<anonymous>)

  console.log
    [BROWSER] [groove_utils] .. New Column: idx=15, x=839.4794520547946

      at log (coach/tests/visual/ComprehensiveVisual.test.js:35:21)
          at Array.map (<anonymous>)
          at Array.map (<anonymous>)
          at Array.map (<anonymous>)
          at Array.map (<anonymous>)
          at Array.map (<anonymous>)

  console.log
    [BROWSER] [TestHelper] Successfully injected mocked groove data

      at log (coach/tests/visual/ComprehensiveVisual.test.js:35:21)
          at Array.map (<anonymous>)
          at Array.map (<anonymous>)
          at Array.map (<anonymous>)
          at Array.map (<anonymous>)
          at Array.map (<anonymous>)

  console.log
    [BROWSER] [CoachController] Refreshing ABC mapping...

      at log (coach/tests/visual/ComprehensiveVisual.test.js:35:21)
          at Array.map (<anonymous>)
          at Array.map (<anonymous>)
          at Array.map (<anonymous>)
          at Array.map (<anonymous>)
          at Array.map (<anonymous>)

  console.log
    [BROWSER] [TestHelper] Providing mocked groove data to Drum Coach

      at log (coach/tests/visual/ComprehensiveVisual.test.js:35:21)
          at Array.map (<anonymous>)
          at Array.map (<anonymous>)
          at Array.map (<anonymous>)
          at Array.map (<anonymous>)
          at Array.map (<anonymous>)

  console.log
    [BROWSER] [TestHelper] Mock Data - notesPerMeasure: 16, div: 16, measures: 1

      at log (coach/tests/visual/ComprehensiveVisual.test.js:35:21)
          at Array.map (<anonymous>)
          at Array.map (<anonymous>)
          at Array.map (<anonymous>)
          at Array.map (<anonymous>)
          at Array.map (<anonymous>)

  console.log
    [BROWSER] [TestHelper] Mock Data - HH: 32, Snare: 32, Kick: 32

      at log (coach/tests/visual/ComprehensiveVisual.test.js:35:21)
          at Array.map (<anonymous>)
          at Array.map (<anonymous>)
          at Array.map (<anonymous>)
          at Array.map (<anonymous>)
          at Array.map (<anonymous>)

  console.log
    [BROWSER] [TestHelper] Providing mocked groove data to Drum Coach

      at log (coach/tests/visual/ComprehensiveVisual.test.js:35:21)
          at Array.map (<anonymous>)
          at Array.map (<anonymous>)
          at Array.map (<anonymous>)
          at Array.map (<anonymous>)
          at Array.map (<anonymous>)

  console.log
    [BROWSER] [TestHelper] Mock Data - notesPerMeasure: 16, div: 16, measures: 1

      at log (coach/tests/visual/ComprehensiveVisual.test.js:35:21)
          at Array.map (<anonymous>)
          at Array.map (<anonymous>)
          at Array.map (<anonymous>)
          at Array.map (<anonymous>)
          at Array.map (<anonymous>)

  console.log
    [BROWSER] [TestHelper] Mock Data - HH: 32, Snare: 32, Kick: 32

      at log (coach/tests/visual/ComprehensiveVisual.test.js:35:21)
          at Array.map (<anonymous>)
          at Array.map (<anonymous>)
          at Array.map (<anonymous>)
          at Array.map (<anonymous>)
          at Array.map (<anonymous>)

  console.log
    [BROWSER] [TimelineGen] Added hh at tick 0

      at log (coach/tests/visual/ComprehensiveVisual.test.js:35:21)
          at Array.map (<anonymous>)
          at Array.map (<anonymous>)
          at Array.map (<anonymous>)
          at Array.map (<anonymous>)
          at Array.map (<anonymous>)

  console.log
    [BROWSER] [TimelineGen] Added hh at tick 2

      at log (coach/tests/visual/ComprehensiveVisual.test.js:35:21)
          at Array.map (<anonymous>)
          at Array.map (<anonymous>)
          at Array.map (<anonymous>)
          at Array.map (<anonymous>)
          at Array.map (<anonymous>)

  console.log
    [BROWSER] [TimelineGen] Added hh at tick 4

      at log (coach/tests/visual/ComprehensiveVisual.test.js:35:21)
          at Array.map (<anonymous>)
          at Array.map (<anonymous>)
          at Array.map (<anonymous>)
          at Array.map (<anonymous>)
          at Array.map (<anonymous>)

  console.log
    [BROWSER] [TimelineGen] Added hh at tick 6

      at log (coach/tests/visual/ComprehensiveVisual.test.js:35:21)
          at Array.map (<anonymous>)
          at Array.map (<anonymous>)
          at Array.map (<anonymous>)
          at Array.map (<anonymous>)
          at Array.map (<anonymous>)

  console.log
    [BROWSER] [TimelineGen] Added hh at tick 8

      at log (coach/tests/visual/ComprehensiveVisual.test.js:35:21)
          at Array.map (<anonymous>)
          at Array.map (<anonymous>)
          at Array.map (<anonymous>)
          at Array.map (<anonymous>)
          at Array.map (<anonymous>)

  console.log
    [BROWSER] [TimelineGen] Added snare at tick 8

      at log (coach/tests/visual/ComprehensiveVisual.test.js:35:21)
          at Array.map (<anonymous>)
          at Array.map (<anonymous>)
          at Array.map (<anonymous>)
          at Array.map (<anonymous>)
          at Array.map (<anonymous>)

  console.log
    [BROWSER] [TimelineGen] Added hh at tick 10

      at log (coach/tests/visual/ComprehensiveVisual.test.js:35:21)
          at Array.map (<anonymous>)
          at Array.map (<anonymous>)
          at Array.map (<anonymous>)
          at Array.map (<anonymous>)
          at Array.map (<anonymous>)

  console.log
    [BROWSER] [TimelineGen] Added hh at tick 12

      at log (coach/tests/visual/ComprehensiveVisual.test.js:35:21)
          at Array.map (<anonymous>)
          at Array.map (<anonymous>)
          at Array.map (<anonymous>)
          at Array.map (<anonymous>)
          at Array.map (<anonymous>)

  console.log
    [BROWSER] [TimelineGen] Added hh at tick 14

      at log (coach/tests/visual/ComprehensiveVisual.test.js:35:21)
          at Array.map (<anonymous>)
          at Array.map (<anonymous>)
          at Array.map (<anonymous>)
          at Array.map (<anonymous>)
          at Array.map (<anonymous>)

  console.log
    [BROWSER] [TimelineGen] Added hh at tick 16

      at log (coach/tests/visual/ComprehensiveVisual.test.js:35:21)
          at Array.map (<anonymous>)
          at Array.map (<anonymous>)
          at Array.map (<anonymous>)
          at Array.map (<anonymous>)
          at Array.map (<anonymous>)

  console.log
    [BROWSER] [TimelineGen] Added hh at tick 18

      at log (coach/tests/visual/ComprehensiveVisual.test.js:35:21)
          at Array.map (<anonymous>)
          at Array.map (<anonymous>)
          at Array.map (<anonymous>)
          at Array.map (<anonymous>)
          at Array.map (<anonymous>)

  console.log
    [BROWSER] [TimelineGen] Added hh at tick 20

      at log (coach/tests/visual/ComprehensiveVisual.test.js:35:21)
          at Array.map (<anonymous>)
          at Array.map (<anonymous>)
          at Array.map (<anonymous>)
          at Array.map (<anonymous>)
          at Array.map (<anonymous>)

  console.log
    [BROWSER] [TimelineGen] Added hh at tick 22

      at log (coach/tests/visual/ComprehensiveVisual.test.js:35:21)
          at Array.map (<anonymous>)
          at Array.map (<anonymous>)
          at Array.map (<anonymous>)
          at Array.map (<anonymous>)
          at Array.map (<anonymous>)

  console.log
    [BROWSER] [TimelineGen] Added hh at tick 24

      at log (coach/tests/visual/ComprehensiveVisual.test.js:35:21)
          at Array.map (<anonymous>)
          at Array.map (<anonymous>)
          at Array.map (<anonymous>)
          at Array.map (<anonymous>)
          at Array.map (<anonymous>)

  console.log
    [BROWSER] [TimelineGen] Added snare at tick 24

      at log (coach/tests/visual/ComprehensiveVisual.test.js:35:21)
          at Array.map (<anonymous>)
          at Array.map (<anonymous>)
          at Array.map (<anonymous>)
          at Array.map (<anonymous>)
          at Array.map (<anonymous>)

  console.log
    [BROWSER] [TimelineGen] Added hh at tick 26

      at log (coach/tests/visual/ComprehensiveVisual.test.js:35:21)
          at Array.map (<anonymous>)
          at Array.map (<anonymous>)
          at Array.map (<anonymous>)
          at Array.map (<anonymous>)
          at Array.map (<anonymous>)

  console.log
    [BROWSER] [TimelineGen] Added hh at tick 28

      at log (coach/tests/visual/ComprehensiveVisual.test.js:35:21)
          at Array.map (<anonymous>)
          at Array.map (<anonymous>)
          at Array.map (<anonymous>)
          at Array.map (<anonymous>)
          at Array.map (<anonymous>)

  console.log
    [BROWSER] [TimelineGen] Added hh at tick 30

      at log (coach/tests/visual/ComprehensiveVisual.test.js:35:21)
          at Array.map (<anonymous>)
          at Array.map (<anonymous>)
          at Array.map (<anonymous>)
          at Array.map (<anonymous>)
          at Array.map (<anonymous>)

  console.log
    [BROWSER] [CoachController] getGrooveAsTimeline produced 20 notes

      at log (coach/tests/visual/ComprehensiveVisual.test.js:35:21)
          at Array.map (<anonymous>)
          at Array.map (<anonymous>)
          at Array.map (<anonymous>)
          at Array.map (<anonymous>)
          at Array.map (<anonymous>)

  console.log
    [BROWSER] [TestHelper] Providing mocked groove data to Drum Coach

      at log (coach/tests/visual/ComprehensiveVisual.test.js:35:21)
          at Array.map (<anonymous>)
          at Array.map (<anonymous>)
          at Array.map (<anonymous>)
          at Array.map (<anonymous>)
          at Array.map (<anonymous>)

  console.log
    [BROWSER] [TestHelper] Mock Data - notesPerMeasure: 16, div: 16, measures: 1

      at log (coach/tests/visual/ComprehensiveVisual.test.js:35:21)
          at Array.map (<anonymous>)
          at Array.map (<anonymous>)
          at Array.map (<anonymous>)
          at Array.map (<anonymous>)
          at Array.map (<anonymous>)

  console.log
    [BROWSER] [TestHelper] Mock Data - HH: 32, Snare: 32, Kick: 32

      at log (coach/tests/visual/ComprehensiveVisual.test.js:35:21)
          at Array.map (<anonymous>)
          at Array.map (<anonymous>)
          at Array.map (<anonymous>)
          at Array.map (<anonymous>)
          at Array.map (<anonymous>)

  console.log
    [BROWSER] [CoachEngine] Loaded groove with 20 notes

      at log (coach/tests/visual/ComprehensiveVisual.test.js:35:21)
          at Array.map (<anonymous>)
          at Array.map (<anonymous>)
          at Array.map (<anonymous>)
          at Array.map (<anonymous>)
          at Array.map (<anonymous>)

  console.log
    [BROWSER] [CoachEngine] Started at 581.9000000059605

      at log (coach/tests/visual/ComprehensiveVisual.test.js:35:21)
          at Array.map (<anonymous>)
          at Array.map (<anonymous>)
          at Array.map (<anonymous>)
          at Array.map (<anonymous>)
          at Array.map (<anonymous>)

  console.log
    [BROWSER] [TestHelper] Headless session started with high-res grid

      at log (coach/tests/visual/ComprehensiveVisual.test.js:35:21)
          at Array.map (<anonymous>)
          at Array.map (<anonymous>)
          at Array.map (<anonymous>)
          at Array.map (<anonymous>)
          at Array.map (<anonymous>)

  console.log
    [BROWSER] [CoachController] Hit hh evaluation: perfect (match: true) at 629.90ms

      at log (coach/tests/visual/ComprehensiveVisual.test.js:35:21)
          at Array.map (<anonymous>)
          at Array.map (<anonymous>)
          at Array.map (<anonymous>)
          at Array.map (<anonymous>)
          at Array.map (<anonymous>)

  console.log
    [BROWSER] [CoachController] Drawing feedback for tick 0 (ABC idx 0)

      at log (coach/tests/visual/ComprehensiveVisual.test.js:35:21)
          at Array.map (<anonymous>)
          at Array.map (<anonymous>)
          at Array.map (<anonymous>)
          at Array.map (<anonymous>)
          at Array.map (<anonymous>)

  console.log
    [BROWSER] [CoachController] Hit kick evaluation: perfect (match: true) at 630.90ms

      at log (coach/tests/visual/ComprehensiveVisual.test.js:35:21)
          at Array.map (<anonymous>)
          at Array.map (<anonymous>)
          at Array.map (<anonymous>)
          at Array.map (<anonymous>)
          at Array.map (<anonymous>)

  console.log
    [BROWSER] [CoachController] Drawing feedback for tick 0 (ABC idx 0)

      at log (coach/tests/visual/ComprehensiveVisual.test.js:35:21)
          at Array.map (<anonymous>)
          at Array.map (<anonymous>)
          at Array.map (<anonymous>)
          at Array.map (<anonymous>)
          at Array.map (<anonymous>)

  console.log
    [BROWSER] [CoachController] Hit hh evaluation: perfect (match: true) at 1004.90ms

      at log (coach/tests/visual/ComprehensiveVisual.test.js:35:21)
          at Array.map (<anonymous>)
          at Array.map (<anonymous>)
          at Array.map (<anonymous>)
          at Array.map (<anonymous>)
          at Array.map (<anonymous>)

  console.log
    [BROWSER] [CoachController] Drawing feedback for tick 4 (ABC idx 2)

      at log (coach/tests/visual/ComprehensiveVisual.test.js:35:21)
          at Array.map (<anonymous>)
          at Array.map (<anonymous>)
          at Array.map (<anonymous>)
          at Array.map (<anonymous>)
          at Array.map (<anonymous>)

  console.log
    [BROWSER] [CoachController] Hit hh evaluation: perfect (match: true) at 1379.90ms

      at log (coach/tests/visual/ComprehensiveVisual.test.js:35:21)
          at Array.map (<anonymous>)
          at Array.map (<anonymous>)
          at Array.map (<anonymous>)
          at Array.map (<anonymous>)
          at Array.map (<anonymous>)

  console.log
    [BROWSER] [CoachController] Drawing feedback for tick 8 (ABC idx 4)

      at log (coach/tests/visual/ComprehensiveVisual.test.js:35:21)
          at Array.map (<anonymous>)
          at Array.map (<anonymous>)
          at Array.map (<anonymous>)
          at Array.map (<anonymous>)
          at Array.map (<anonymous>)

  console.log
    [BROWSER] [CoachController] Hit hh evaluation: perfect (match: true) at 1758.90ms

      at log (coach/tests/visual/ComprehensiveVisual.test.js:35:21)
          at Array.map (<anonymous>)
          at Array.map (<anonymous>)
          at Array.map (<anonymous>)
          at Array.map (<anonymous>)
          at Array.map (<anonymous>)

  console.log
    [BROWSER] [CoachController] Drawing feedback for tick 12 (ABC idx 6)

      at log (coach/tests/visual/ComprehensiveVisual.test.js:35:21)
          at Array.map (<anonymous>)
          at Array.map (<anonymous>)
          at Array.map (<anonymous>)
          at Array.map (<anonymous>)
          at Array.map (<anonymous>)

  console.log
    [BROWSER] [CoachController] Hit hh evaluation: perfect (match: true) at 2131.90ms

      at log (coach/tests/visual/ComprehensiveVisual.test.js:35:21)
          at Array.map (<anonymous>)
          at Array.map (<anonymous>)
          at Array.map (<anonymous>)
          at Array.map (<anonymous>)
          at Array.map (<anonymous>)

  console.log
    [BROWSER] [CoachController] Drawing feedback for tick 16 (ABC idx 8)

      at log (coach/tests/visual/ComprehensiveVisual.test.js:35:21)
          at Array.map (<anonymous>)
          at Array.map (<anonymous>)
          at Array.map (<anonymous>)
          at Array.map (<anonymous>)
          at Array.map (<anonymous>)

  console.log
    [BROWSER] [CoachController] Hit snare evaluation: extra (match: false) at 2132.90ms

      at log (coach/tests/visual/ComprehensiveVisual.test.js:35:21)
          at Array.map (<anonymous>)
          at Array.map (<anonymous>)
          at Array.map (<anonymous>)
          at Array.map (<anonymous>)
          at Array.map (<anonymous>)

  console.log
    [BROWSER] [CoachController] Hit hh evaluation: perfect (match: true) at 2504.90ms

      at log (coach/tests/visual/ComprehensiveVisual.test.js:35:21)
          at Array.map (<anonymous>)
          at Array.map (<anonymous>)
          at Array.map (<anonymous>)
          at Array.map (<anonymous>)
          at Array.map (<anonymous>)

  console.log
    [BROWSER] [CoachController] Drawing feedback for tick 20 (ABC idx 10)

      at log (coach/tests/visual/ComprehensiveVisual.test.js:35:21)
          at Array.map (<anonymous>)
          at Array.map (<anonymous>)
          at Array.map (<anonymous>)
          at Array.map (<anonymous>)
          at Array.map (<anonymous>)

  console.log
    [BROWSER] [CoachController] Hit hh evaluation: perfect (match: true) at 2883.90ms

      at log (coach/tests/visual/ComprehensiveVisual.test.js:35:21)
          at Array.map (<anonymous>)
          at Array.map (<anonymous>)
          at Array.map (<anonymous>)
          at Array.map (<anonymous>)
          at Array.map (<anonymous>)

  console.log
    [BROWSER] [CoachController] Drawing feedback for tick 24 (ABC idx 12)

      at log (coach/tests/visual/ComprehensiveVisual.test.js:35:21)
          at Array.map (<anonymous>)
          at Array.map (<anonymous>)
          at Array.map (<anonymous>)
          at Array.map (<anonymous>)
          at Array.map (<anonymous>)

  console.log
    [BROWSER] [CoachController] Hit hh evaluation: perfect (match: true) at 3258.90ms

      at log (coach/tests/visual/ComprehensiveVisual.test.js:35:21)
          at Array.map (<anonymous>)
          at Array.map (<anonymous>)
          at Array.map (<anonymous>)
          at Array.map (<anonymous>)
          at Array.map (<anonymous>)

  console.log
    [BROWSER] [CoachController] Drawing feedback for tick 28 (ABC idx 14)

      at log (coach/tests/visual/ComprehensiveVisual.test.js:35:21)
          at Array.map (<anonymous>)
          at Array.map (<anonymous>)
          at Array.map (<anonymous>)
          at Array.map (<anonymous>)
          at Array.map (<anonymous>)

  console.log
    [BROWSER] [CoachController] Hit hh evaluation: extra (match: false) at 3630.90ms

      at log (coach/tests/visual/ComprehensiveVisual.test.js:35:21)
          at Array.map (<anonymous>)
          at Array.map (<anonymous>)
          at Array.map (<anonymous>)
          at Array.map (<anonymous>)
          at Array.map (<anonymous>)

  console.log
    [BROWSER] [CoachController] Hit kick evaluation: extra (match: false) at 3630.90ms

      at log (coach/tests/visual/ComprehensiveVisual.test.js:35:21)
          at Array.map (<anonymous>)
          at Array.map (<anonymous>)
          at Array.map (<anonymous>)
          at Array.map (<anonymous>)
          at Array.map (<anonymous>)

  console.log
    [BROWSER] [CoachController] Hit hh evaluation: extra (match: false) at 4007.90ms

      at log (coach/tests/visual/ComprehensiveVisual.test.js:35:21)
          at Array.map (<anonymous>)
          at Array.map (<anonymous>)
          at Array.map (<anonymous>)
          at Array.map (<anonymous>)
          at Array.map (<anonymous>)

  console.log
    [BROWSER] [CoachController] Hit hh evaluation: extra (match: false) at 4382.90ms

      at log (coach/tests/visual/ComprehensiveVisual.test.js:35:21)
          at Array.map (<anonymous>)
          at Array.map (<anonymous>)
          at Array.map (<anonymous>)
          at Array.map (<anonymous>)
          at Array.map (<anonymous>)

  console.log
    [BROWSER] [CoachController] Hit hh evaluation: extra (match: false) at 4754.90ms

      at log (coach/tests/visual/ComprehensiveVisual.test.js:35:21)
          at Array.map (<anonymous>)
          at Array.map (<anonymous>)
          at Array.map (<anonymous>)
          at Array.map (<anonymous>)
          at Array.map (<anonymous>)

  console.log
    [BROWSER] [CoachController] Hit hh evaluation: extra (match: false) at 5131.90ms

      at log (coach/tests/visual/ComprehensiveVisual.test.js:35:21)
          at Array.map (<anonymous>)
          at Array.map (<anonymous>)
          at Array.map (<anonymous>)
          at Array.map (<anonymous>)
          at Array.map (<anonymous>)

  console.log
    [BROWSER] [CoachController] Hit snare evaluation: extra (match: false) at 5132.90ms

      at log (coach/tests/visual/ComprehensiveVisual.test.js:35:21)
          at Array.map (<anonymous>)
          at Array.map (<anonymous>)
          at Array.map (<anonymous>)
          at Array.map (<anonymous>)
          at Array.map (<anonymous>)

  console.log
    [BROWSER] [CoachController] Hit hh evaluation: extra (match: false) at 5506.90ms

      at log (coach/tests/visual/ComprehensiveVisual.test.js:35:21)
          at Array.map (<anonymous>)
          at Array.map (<anonymous>)
          at Array.map (<anonymous>)
          at Array.map (<anonymous>)
          at Array.map (<anonymous>)

  console.log
    [BROWSER] [CoachController] Hit hh evaluation: extra (match: false) at 5882.90ms

      at log (coach/tests/visual/ComprehensiveVisual.test.js:35:21)
          at Array.map (<anonymous>)
          at Array.map (<anonymous>)
          at Array.map (<anonymous>)
          at Array.map (<anonymous>)
          at Array.map (<anonymous>)

  console.log
    [BROWSER] [CoachController] Hit hh evaluation: extra (match: false) at 6257.90ms

      at log (coach/tests/visual/ComprehensiveVisual.test.js:35:21)
          at Array.map (<anonymous>)
          at Array.map (<anonymous>)
          at Array.map (<anonymous>)
          at Array.map (<anonymous>)
          at Array.map (<anonymous>)

  console.log
    [BROWSER] [TestHelper] Instantly replayed 20 hits.

      at log (coach/tests/visual/ComprehensiveVisual.test.js:35:21)
          at Array.map (<anonymous>)
          at Array.map (<anonymous>)
          at Array.map (<anonymous>)
          at Array.map (<anonymous>)
          at Array.map (<anonymous>)

  console.log
    [DEBUG DOM] SVG Info: {
      "svgViewBox": "0 0 664 77",
      "globalGroups": [
        {
          "id": "",
          "transform": "scale(0.75)",
          "inner": "<path class=\"stroke\" d=\"m885.33 79.04v-24.00\"></path>\n<path class=\"stroke\" d=\"m882.33 79.04v-24.00\">"
        },
        {
          "id": "coach-feedback-layer",
          "transform": null,
          "inner": "<g id=\"debug-overlay-group\"><line x1=\"-885.33\" y1=\"10\" x2=\"-885.33\" y2=\"90\" stroke=\"blue\" stroke-wid"
        }
      ],
      "firstRectPos": {
        "x": "42.00",
        "y": "46.04"
      },
      "feedbackLayerTransform": null,
      "firstNoteLinePos": {
        "x1": "48.5",
        "y1": "10",
        "y2": "90"
      },
      "noteHeads": [
        {
          "x": "48.50",
          "y": "76.04",
          "href": "#hd"
        },
        {
          "x": "260.57",
          "y": "64.04",
          "href": "#hd"
        },
        {
          "x": "472.65",
          "y": "76.04",
          "href": "#hd"
        }
      ],
      "staffLines": [
        {
          "d": "m-4 10h5.4v-20h-5.4v20",
          "class": "stroke",
          "id": "pclef"
        },
        {
          "d": "m-3,-3 l6,6 m0,-6 l-6,6",
          "class": "stroke",
          "id": "Xhead"
        },
        {
          "d": "m-4 0l8 -2l-8 -2",
          "class": null,
          "id": null
        },
        {
          "d": "m885.33 79.04v-24.00",
          "class": "stroke",
          "id": null
        },
        {
          "d": "m882.33 79.04v-24.00",
          "class": "stroke",
          "id": null
        },
        {
          "d": "m0.00 79.04\nh885.33m-885.33 -6h885.33m-885.33 -6h885.33m-885.33 -6h885.33m-885.33 -6h885.33",
          "class": "stroke",
          "id": null
        },
        {
          "d": "m51.66 31.84\nl155.44 0.00v3.20l-155.44 0.00",
          "class": "fill",
          "id": null
        },
        {
          "d": "m52.00 36.84\nl154.76 0.00v3.20l-154.76 0.00",
          "class": "fill",
          "id": null
        },
        {
          "d": "m52.00 76.04v-43.20",
          "class": "stroke",
          "id": null
        },
        {
          "d": "m103.59 52.04v-19.20",
          "class": "stroke",
          "id": null
        }
      ]
    }

      at log (coach/tests/visual/ComprehensiveVisual.test.js:176:17)

  console.log
    [BROWSER] [TestHelper] Providing mocked groove data to Drum Coach

      at log (coach/tests/visual/ComprehensiveVisual.test.js:35:21)
          at Array.map (<anonymous>)
          at Array.map (<anonymous>)
          at Array.map (<anonymous>)
          at Array.map (<anonymous>)
          at Array.map (<anonymous>)

  console.log
    [BROWSER] [TestHelper] Mock Data - notesPerMeasure: 16, div: 16, measures: 1

      at log (coach/tests/visual/ComprehensiveVisual.test.js:35:21)
          at Array.map (<anonymous>)
          at Array.map (<anonymous>)
          at Array.map (<anonymous>)
          at Array.map (<anonymous>)
          at Array.map (<anonymous>)

  console.log
    [BROWSER] [TestHelper] Mock Data - HH: 32, Snare: 32, Kick: 32

      at log (coach/tests/visual/ComprehensiveVisual.test.js:35:21)
          at Array.map (<anonymous>)
          at Array.map (<anonymous>)
          at Array.map (<anonymous>)
          at Array.map (<anonymous>)
          at Array.map (<anonymous>)

  console.log
    Marker count for rock16th_perfect.json: 9

      at log (coach/tests/visual/ComprehensiveVisual.test.js:203:17)

  console.log
    Marker colors found: ["rgb(0, 191, 255)","rgb(0, 191, 255)","rgb(0, 191, 255)","rgb(0, 191, 255)","rgb(0, 191, 255)"]...

      at log (coach/tests/visual/ComprehensiveVisual.test.js:205:21)

  console.log
    Screenshot saved: /Users/fons/GrooveScribe/coach/tests/visual/screenshots/rock16th_perfect.png

      at log (coach/tests/visual/ComprehensiveVisual.test.js:212:17)

  console.log
    Screenshot DIFFERS from reference: 0.318% different (3252 pixels)

      at log (coach/tests/visual/ComprehensiveVisual.test.js:224:21)

FAIL coach/tests/visual/ComprehensiveVisual.test.js (9.442 s)
  Drum Coach Comprehensive Visual Tests
    Rock Grooves
      ✕ 16th Note Rock - Perfect Timing (8309 ms)
      ○ skipped 16th Note Rock - Rushing (Early)
      ○ skipped 16th Note Rock - Dragging (Late)
      ○ skipped 16th Note Rock - All Hit Types
      ○ skipped 8th Note Rock - Perfect Timing
      ○ skipped Train Beat - Perfect Timing
      ○ skipped Syncopated Hi-hats #1 - Mixed
    Triplet Grooves
      ○ skipped Jazz Shuffle - Perfect Timing
      ○ skipped Jazz Shuffle - Rushing
      ○ skipped Purdie Shuffle - Perfect
      ○ skipped Jazz Ride - Perfect
      ○ skipped Half Time Shuffle 8th - All Hit Types
    World Grooves
      ○ skipped Bossa Nova - Perfect Timing
      ○ skipped Jazz Samba - Perfect Timing
      ○ skipped Songo - All Hit Types
    Foot Ostinatos
      ○ skipped Samba Ostinato - Perfect
      ○ skipped Tumbao Ostinato - Dragging
      ○ skipped Baiao Ostinato - Rushing
    Kick Permutations
      ○ skipped Kick on Quarters - Perfect
      ○ skipped Syncopated Kick - All Hit Types
      ○ skipped Dense Kick Pattern - Perfect
    Snare Permutations
      ○ skipped Standard Backbeat - Perfect
      ○ skipped Backbeat with Ghosts - Perfect
      ○ skipped Dense Ghost Pattern - All Hit Types
    Vertical Stacking (Unisons)
      ○ skipped Single Kick - Perfect
      ○ skipped Kick+Snare Unison - Perfect
      ○ skipped Triple Unison (Kick+Snare+HH) - Perfect
      ○ skipped 4-Voice Vertical Stack - Perfect
      ○ skipped 4-Voice Vertical Stack - All Hit Types
    Dense Patterns
      ○ skipped Dense 16th Note Hi-Hats - Perfect
      ○ skipped Dense 16th Note Hi-Hats - Rushing
      ○ skipped 32nd Note Hi-Hats - Perfect
    All Articulations
      ○ skipped All Articulations Pattern - Perfect
      ○ skipped All Drums Sequential - Perfect
      ○ skipped Tom Fill Pattern - Perfect
      ○ skipped Snare Flam Pattern - Perfect
      ○ skipped Snare Flam Pattern - Rushing
      ○ skipped Snare Flam Pattern - Dragging
    Performance Scenarios
      ○ skipped Rock 16th - With Misses
      ○ skipped Rock 16th - With Extras
      ○ skipped Rock 16th - Wrong Pads
    Timing Tier Verification
      ○ skipped Only Perfect - Should be all blue
      ○ skipped Only Good - Should be all green
      ○ skipped Only Close - Should be all yellow
      ○ skipped Only Miss - Should be all red/orange

  ● Drum Coach Comprehensive Visual Tests › Rock Grooves › 16th Note Rock - Perfect Timing

    expect(received).toBe(expected) // Object.is equality

    Expected: true
    Received: false

      244 |             if (result) {
      245 |                 expect(result.markerCount).toBeGreaterThan(0);
    > 246 |                 expect(result.comparison.match).toBe(true);
          |                                                 ^
      247 |                 expect(result.comparison.match).toBe(true);
      248 |             }
      249 |         }, 30000);

      at Object.toBe (coach/tests/visual/ComprehensiveVisual.test.js:246:49)

Test Suites: 1 failed, 1 total
Tests:       1 failed, 44 skipped, 45 total
Snapshots:   0 total
Time:        9.47 s, estimated 10 s
Ran all test suites matching ComprehensiveVisual.test.js with tests matching "16th Note Rock - Perfect Timing".
